<?xml version="1.0" encoding="utf-8"?><testsuites><testsuite name="pytest" errors="0" failures="0" skipped="0" tests="2" time="0.431" timestamp="2023-05-15T01:14:41.437126" hostname="VVAUCHEY2"><testcase classname="libs.ArucoCV.ArucoTest" name="test_detect" time="0.221" /><testcase classname="libs.ArucoCV.ArucoTest" name="test_instanciate" time="0.000" /></testsuite></testsuites>